Archive member included because of file (symbol)

obj_emsk_11/gnu_arcem6/emsk/emsk_init.o
                              obj_emsk_11/gnu_arcem6/main.o (board_init)
obj_emsk_11/gnu_arcem6/emsk/emsk_timer.o
                              obj_emsk_11/gnu_arcem6/main.o (millis)
obj_emsk_11/gnu_arcem6/emsk/mux.o
                              obj_emsk_11/gnu_arcem6/emsk/emsk_init.o (mux_init)
obj_emsk_11/gnu_arcem6/emsk/dw_iic_obj.o
                              obj_emsk_11/gnu_arcem6/iic.o (iic_get_dev)
obj_emsk_11/gnu_arcem6/emsk/emsk_gpio.o
                              obj_emsk_11/gnu_arcem6/emsk/emsk_init.o (emsk_gpio_init)
obj_emsk_11/gnu_arcem6/emsk/dw_gpio_obj.o
                              obj_emsk_11/gnu_arcem6/main.o (gpio_get_dev)
obj_emsk_11/gnu_arcem6/emsk/emsk_sdcard.o
                              obj_emsk_11/gnu_arcem6/emsk/emsk_timer.o (emsk_sdcard_1ms_update)
obj_emsk_11/gnu_arcem6/middleware/common/console_io.o
                              obj_emsk_11/gnu_arcem6/emsk/emsk_init.o (xprintf_setup)
obj_emsk_11/gnu_arcem6/middleware/common/syscalls.o
                              obj_emsk_11/gnu_arcem6/middleware/common/console_io.o (gnu_printf_setup)
obj_emsk_11/gnu_arcem6/middleware/common/xprintf.o
                              obj_emsk_11/gnu_arcem6/middleware/common/console_io.o (xfunc_out)
obj_emsk_11/gnu_arcem6/arc/arc_timer.o
                              obj_emsk_11/gnu_arcem6/emsk/emsk_timer.o (timer_present)
obj_emsk_11/gnu_arcem6/arc/arc_exception.o
                              obj_emsk_11/gnu_arcem6/emsk/emsk_timer.o (int_handler_install)
obj_emsk_11/gnu_arcem6/arc/arc_startup.o
                              obj_emsk_11/gnu_arcem6/arc/arc_exception.o (_arc_reset)
obj_emsk_11/gnu_arcem6/arc/arc_exc_asm.o
                              obj_emsk_11/gnu_arcem6/arc/arc_exception.o (exc_entry_cpu)
obj_emsk_11/gnu_arcem6/emsk/dw_iic.o
                              obj_emsk_11/gnu_arcem6/emsk/dw_iic_obj.o (dw_iic_open)
obj_emsk_11/gnu_arcem6/emsk/dw_gpio.o
                              obj_emsk_11/gnu_arcem6/emsk/dw_gpio_obj.o (dw_gpio_open)
obj_emsk_11/gnu_arcem6/emsk/dw_uart_obj.o
                              obj_emsk_11/gnu_arcem6/middleware/common/console_io.o (uart_get_dev)
obj_emsk_11/gnu_arcem6/arc/arc_cache.o
                              obj_emsk_11/gnu_arcem6/arc/arc_startup.o (arc_cache_init)
obj_emsk_11/gnu_arcem6/emsk/dw_uart.o
                              obj_emsk_11/gnu_arcem6/emsk/dw_uart_obj.o (dw_uart_open)
c:/arc_gnu/bin/../lib/gcc/arc-elf32/4.8.5/../../../../arc-elf32/lib/em/norm\libc.a(lib_a-errno.o)
                              obj_emsk_11/gnu_arcem6/middleware/common/syscalls.o (__errno)
c:/arc_gnu/bin/../lib/gcc/arc-elf32/4.8.5/../../../../arc-elf32/lib/em/norm\libc.a(lib_a-impure.o)
                              c:/arc_gnu/bin/../lib/gcc/arc-elf32/4.8.5/../../../../arc-elf32/lib/em/norm\libc.a(lib_a-errno.o) (_impure_ptr)

Allocating common symbols
Common symbol       size              file

xfunc_in            0x4               obj_emsk_11/gnu_arcem6/middleware/common/xprintf.o
dw_uart_0           0x5c              obj_emsk_11/gnu_arcem6/emsk/dw_uart_obj.o
iic_master          0x4               obj_emsk_11/gnu_arcem6/iic.o
dw_iic_0_ctrl       0x58              obj_emsk_11/gnu_arcem6/emsk/dw_iic_obj.o
xfunc_out           0x4               obj_emsk_11/gnu_arcem6/middleware/common/xprintf.o
exc_int_handler_table
                    0x64              obj_emsk_11/gnu_arcem6/arc/arc_exception.o
dw_iic_1            0x68              obj_emsk_11/gnu_arcem6/emsk/dw_iic_obj.o
exc_nest_count      0x4               obj_emsk_11/gnu_arcem6/arc/arc_exception.o
dw_uart_1           0x5c              obj_emsk_11/gnu_arcem6/emsk/dw_uart_obj.o
dw_iic_0            0x68              obj_emsk_11/gnu_arcem6/emsk/dw_iic_obj.o
dw_iic_1_ctrl       0x58              obj_emsk_11/gnu_arcem6/emsk/dw_iic_obj.o

Memory Configuration

Name             Origin             Length             Attributes
iccm             0x00000000         0x00008000
ddr              0x10000000         0x08000000
*default*        0x00000000         0xffffffff

Linker script and memory map

                0x00002000                _HEAPSIZE = 0x2000
                0x00002000                _STACKSIZE = 0x2000

.init           0x10000000      0x198
                0x10000000                _f_init = .
 *(.init_vector)
 .init_vector   0x10000000        0x4 obj_emsk_11/gnu_arcem6/arc/arc_startup.o
 *(.init_bootstrap)
 .init_bootstrap
                0x10000004      0x194 obj_emsk_11/gnu_arcem6/arc/arc_startup.o
                0x10000004                _arc_reset
                0x10000004                _start
                0x10000184                _exit_loop
                0x10000184                _exit_halt
                0x10000198                _e_init = .

.text           0x10000198     0x4a78
                0x10000198                _f_text = .
 *(.text .text.* .gnu.linkonce.t.*)
 .text          0x10000198      0x1f8 obj_emsk_11/gnu_arcem6/iic.o
                0x10000198                slvdev_init
                0x100001d0                slvdev_write_reg
                0x10000214                slvdev_read_reg
                0x10000280                iic0_init
                0x10000318                setPWM
 .text          0x10000390       0x7c obj_emsk_11/gnu_arcem6/main.o
                0x100003b4                pinLevelChangeDetect
 .text.startup  0x1000040c      0x2bc obj_emsk_11/gnu_arcem6/main.o
                0x1000040c                main
 .text          0x100006c8       0x7c obj_emsk_11/gnu_arcem6/emsk/emsk_init.o
                0x100006c8                board_init
 .text          0x10000744      0x13c obj_emsk_11/gnu_arcem6/emsk/emsk_timer.o
                0x10000744                board_timer_update
                0x10000800                millis
                0x1000080c                emsk_timer_init
                0x10000868                board_delay_ms
 .text          0x10000880       0x48 obj_emsk_11/gnu_arcem6/emsk/mux.o
                0x10000880                mux_init
                0x10000898                get_mux_regs
                0x100008a4                set_pmod_mux
                0x100008a8                get_pmod_mux
                0x100008ac                change_pmod_mux
                0x100008b8                set_spi_map
                0x100008bc                get_spi_map
                0x100008c0                set_uart_map
                0x100008c4                get_uart_map
 .text          0x100008c8      0x3b4 obj_emsk_11/gnu_arcem6/emsk/dw_iic_obj.o
                0x10000c18                iic_get_dev
                0x10000c70                dw_iic_all_install
 .text          0x10000c7c      0x1dc obj_emsk_11/gnu_arcem6/emsk/emsk_gpio.o
                0x10000c7c                emsk_led_init
                0x10000cec                emsk_button_init
                0x10000d34                emsk_switch_init
                0x10000d7c                emsk_gpio_init
                0x10000d90                led_write
                0x10000dc0                led_read
                0x10000df0                switch_read
                0x10000e24                button_read
 .text          0x10000e58      0x4a8 obj_emsk_11/gnu_arcem6/emsk/dw_gpio_obj.o
                0x10000fa8                dw_gpio_all_install
                0x100012bc                gpio_get_dev
 .text          0x10001300        0x4 obj_emsk_11/gnu_arcem6/emsk/emsk_sdcard.o
                0x10001300                emsk_sdcard_1ms_update
 .text          0x10001304      0x118 obj_emsk_11/gnu_arcem6/middleware/common/console_io.o
                0x10001304                console_putchar
                0x10001330                console_getchar
                0x1000136c                console_putstr
                0x10001380                console_getstr
                0x10001394                xprintf_setup
 .text          0x1000141c      0x154 obj_emsk_11/gnu_arcem6/middleware/common/syscalls.o
                0x1000141c                _read
                0x10001424                _write
                0x10001470                _exit
                0x10001478                _close
                0x10001488                _execve
                0x10001498                _fstat
                0x100014a4                _getpid
                0x100014a8                _isatty
                0x100014ac                _kill
                0x100014bc                _link
                0x100014cc                _lseek
                0x100014d0                _open
                0x100014e0                _stat
                0x100014ec                _times
                0x100014fc                _unlink
                0x1000150c                _wait
                0x1000151c                _gettimeofday
                0x10001520                _time
                0x10001524                _sbrk
                0x1000156c                gnu_printf_setup
 .text          0x10001570      0x6cc obj_emsk_11/gnu_arcem6/middleware/common/xprintf.o
                0x10001570                xputc
                0x100015bc                xputs
                0x100015dc                xfputs
                0x10001620                xvprintf
                0x10001914                xprintf
                0x1000193c                xsprintf
                0x1000197c                xfprintf
                0x100019bc                put_dump
                0x10001a94                xgets
                0x10001b20                xfgets
                0x10001b48                xatoi
 .text          0x10001c3c      0x258 obj_emsk_11/gnu_arcem6/arc/arc_timer.o
                0x10001c3c                timer_present
                0x10001c68                timer_start
                0x10001d20                timer_stop
                0x10001db8                timer_current
                0x10001e28                timer_int_clear
                0x10001e7c                timer_init
 .text          0x10001e94      0x25c obj_emsk_11/gnu_arcem6/arc/arc_exception.o
                0x10001f2c                exc_entry_install
                0x10001f94                exc_entry_get
                0x10001fa8                exc_handler_install
                0x10001fc0                exc_handler_get
                0x10001fd4                exc_int_init
                0x100020a0                int_handler_install
                0x100020bc                int_handler_get
                0x100020d4                int_pri_set
 .text          0x100020f0        0x0 obj_emsk_11/gnu_arcem6/arc/arc_startup.o
 .text          0x100020f0      0x2d8 obj_emsk_11/gnu_arcem6/arc/arc_exc_asm.o
                0x100020f0                exc_entry_cpu
                0x10002228                exc_entry_int
                0x10002344                exc_entry_firq
 .text          0x100023c8     0x1328 obj_emsk_11/gnu_arcem6/emsk/dw_iic.o
                0x100026d8                dw_iic_open
                0x100029ac                dw_iic_close
                0x10002ac4                dw_iic_control
                0x10003074                dw_iic_write
                0x100031e0                dw_iic_read
                0x10003360                dw_iic_isr
 .text          0x100036f0      0x51c obj_emsk_11/gnu_arcem6/emsk/dw_gpio.o
                0x10003740                dw_gpio_open
                0x10003838                dw_gpio_close
                0x100038cc                dw_gpio_read
                0x1000392c                dw_gpio_write
                0x10003970                dw_gpio_control
                0x10003b6c                dw_gpio_isr_handler
 .text          0x10003c0c      0x200 obj_emsk_11/gnu_arcem6/emsk/dw_uart_obj.o
                0x10003cb4                dw_uart_all_install
                0x10003dbc                uart_get_dev
 .text          0x10003e0c      0x320 obj_emsk_11/gnu_arcem6/arc/arc_cache.o
                0x10003e0c                icache_invalidate_mlines
                0x10003e4c                icache_lock_mlines
                0x10003e94                icache_direct_write
                0x10003eb8                icache_direct_read
                0x10003edc                icache_indirect_read
                0x10003f08                dcache_invalidate_mlines
                0x10003f44                dcache_flush_mlines
                0x10003f90                dcache_lock_mlines
                0x10003fd8                dcache_direct_write
                0x10003ffc                dcache_direct_read
                0x10004020                dcache_indirect_read
                0x1000404c                arc_cache_init
 .text          0x1000412c      0xae0 obj_emsk_11/gnu_arcem6/emsk/dw_uart.o
                0x10004314                dw_uart_open
                0x100044d0                dw_uart_close
                0x10004604                dw_uart_control
                0x100049bc                dw_uart_write
                0x10004a20                dw_uart_read
                0x10004a88                dw_uart_isr
 .text          0x10004c0c        0x4 c:/arc_gnu/bin/../lib/gcc/arc-elf32/4.8.5/../../../../arc-elf32/lib/em/norm\libc.a(lib_a-errno.o)
                0x10004c0c                __errno
 .text          0x10004c10        0x0 c:/arc_gnu/bin/../lib/gcc/arc-elf32/4.8.5/../../../../arc-elf32/lib/em/norm\libc.a(lib_a-impure.o)
                0x10004c10                _e_text = .

.rodata         0x10004c10      0x770
                0x10004c10                _f_rodata = .
 *(.rodata .rodata.* .gnu.linkonce.r.*)
 .rodata.str1.4
                0x10004c10       0x65 obj_emsk_11/gnu_arcem6/iic.o
                                 0x68 (size before relaxing)
 *fill*         0x10004c75        0x3 
 .rodata.str1.4
                0x10004c78      0x116 obj_emsk_11/gnu_arcem6/main.o
                                0x118 (size before relaxing)
 *fill*         0x10004d8e        0x2 
 .rodata        0x10004d90       0x20 obj_emsk_11/gnu_arcem6/emsk/dw_iic_obj.o
 .rodata        0x10004db0       0x10 obj_emsk_11/gnu_arcem6/emsk/dw_gpio_obj.o
 .rodata.str1.4
                0x10004dc0      0x316 obj_emsk_11/gnu_arcem6/middleware/common/console_io.o
                                0x318 (size before relaxing)
 *fill*         0x100050d6        0x2 
 .rodata        0x100050d8       0x5c obj_emsk_11/gnu_arcem6/middleware/common/xprintf.o
 .rodata.str1.4
                0x10005134       0x1f obj_emsk_11/gnu_arcem6/middleware/common/xprintf.o
                                 0x20 (size before relaxing)
 *fill*         0x10005153        0x1 
 .rodata.str1.4
                0x10005154      0x12d obj_emsk_11/gnu_arcem6/arc/arc_exception.o
                                0x130 (size before relaxing)
 *fill*         0x10005281        0x3 
 .rodata        0x10005284       0x34 obj_emsk_11/gnu_arcem6/arc/arc_exception.o
 .rodata        0x100052b8       0x2c obj_emsk_11/gnu_arcem6/emsk/dw_gpio.o
 .rodata        0x100052e4       0x94 obj_emsk_11/gnu_arcem6/emsk/dw_uart.o
                0x10005368                dw_uart_stopbits
                0x1000536c                dw_uart_parity
                0x10005374                dw_uart_databits
 .rodata        0x10005378        0x4 c:/arc_gnu/bin/../lib/gcc/arc-elf32/4.8.5/../../../../arc-elf32/lib/em/norm\libc.a(lib_a-impure.o)
                0x10005378                _global_impure_ptr
 .rodata.str1.4
                0x1000537c        0x4 c:/arc_gnu/bin/../lib/gcc/arc-elf32/4.8.5/../../../../arc-elf32/lib/em/norm\libc.a(lib_a-impure.o)
                0x10005380                _e_rodata = .

.vector         0x10005400      0x400
                0x10005400                _f_vector = .
 *(.vector)
 .vector        0x10005400      0x400 obj_emsk_11/gnu_arcem6/arc/arc_exception.o
                0x10005400                exc_entry_table
                0x10005800                _e_vector = .
                0x10005800                . = ALIGN (0x4)

.data           0x10005800      0x46c
                0x10005800                _f_data = .
 *(.data .data.* .gnu.linkonce.d.*)
 .data          0x10005800        0x0 obj_emsk_11/gnu_arcem6/iic.o
 .data          0x10005800        0x0 obj_emsk_11/gnu_arcem6/main.o
 .data          0x10005800        0x0 obj_emsk_11/gnu_arcem6/emsk/emsk_init.o
 .data          0x10005800        0x0 obj_emsk_11/gnu_arcem6/emsk/emsk_timer.o
 .data          0x10005800        0x0 obj_emsk_11/gnu_arcem6/emsk/mux.o
 .data          0x10005800        0x0 obj_emsk_11/gnu_arcem6/emsk/dw_iic_obj.o
 .data          0x10005800        0x0 obj_emsk_11/gnu_arcem6/emsk/emsk_gpio.o
 .data          0x10005800        0x8 obj_emsk_11/gnu_arcem6/emsk/dw_gpio_obj.o
 .data          0x10005808        0x0 obj_emsk_11/gnu_arcem6/emsk/emsk_sdcard.o
 .data          0x10005808        0x0 obj_emsk_11/gnu_arcem6/middleware/common/console_io.o
 .data          0x10005808        0x0 obj_emsk_11/gnu_arcem6/middleware/common/syscalls.o
 .data          0x10005808        0x0 obj_emsk_11/gnu_arcem6/middleware/common/xprintf.o
 .data          0x10005808        0x0 obj_emsk_11/gnu_arcem6/arc/arc_timer.o
 .data          0x10005808        0x0 obj_emsk_11/gnu_arcem6/arc/arc_exception.o
 .data          0x10005808        0x0 obj_emsk_11/gnu_arcem6/arc/arc_startup.o
 .data          0x10005808        0x0 obj_emsk_11/gnu_arcem6/arc/arc_exc_asm.o
 .data          0x10005808        0x0 obj_emsk_11/gnu_arcem6/emsk/dw_iic.o
 .data          0x10005808        0x0 obj_emsk_11/gnu_arcem6/emsk/dw_gpio.o
 .data          0x10005808       0x38 obj_emsk_11/gnu_arcem6/emsk/dw_uart_obj.o
                0x10005808                dw_uart_1_ctrl
                0x10005824                dw_uart_0_ctrl
 .data          0x10005840        0x0 obj_emsk_11/gnu_arcem6/arc/arc_cache.o
 .data          0x10005840        0x0 obj_emsk_11/gnu_arcem6/emsk/dw_uart.o
 .data          0x10005840        0x0 c:/arc_gnu/bin/../lib/gcc/arc-elf32/4.8.5/../../../../arc-elf32/lib/em/norm\libc.a(lib_a-errno.o)
 .data          0x10005840      0x424 c:/arc_gnu/bin/../lib/gcc/arc-elf32/4.8.5/../../../../arc-elf32/lib/em/norm\libc.a(lib_a-impure.o)
                0x10005c68                . = ALIGN (0x8)
 *fill*         0x10005c64        0x4 
                0x10005c68                _f_sdata = .
                0x10005c68                __SDATA_BEGIN__ = .
 *(.sdata .sdata.* .gnu.linkonce.s.*)
 .sdata         0x10005c68        0x4 c:/arc_gnu/bin/../lib/gcc/arc-elf32/4.8.5/../../../../arc-elf32/lib/em/norm\libc.a(lib_a-impure.o)
                0x10005c68                _impure_ptr
                0x10005c6c                _e_sdata = .
                0x10005c6c                _e_data = .

.bss            0x10005c70      0x498
                0x10005c70                . = ALIGN (0x8)
                0x10005c70                _f_bss = .
                0x10005c70                _f_sbss = .
 *(.dynsbss)
 *(.sbss .sbss.* .gnu.linkonce.sb.*)
 *(.scommon)
                0x10005c70                _e_sbss = .
 *(.dynbss)
 *(.bss .bss.* .gnu.linkonce.b.*)
 .bss           0x10005c70        0x0 obj_emsk_11/gnu_arcem6/iic.o
 .bss           0x10005c70       0x14 obj_emsk_11/gnu_arcem6/main.o
 .bss           0x10005c84        0x0 obj_emsk_11/gnu_arcem6/emsk/emsk_init.o
 .bss           0x10005c84       0x18 obj_emsk_11/gnu_arcem6/emsk/emsk_timer.o
                0x10005c90                gl_emsk_ms_cnt
                0x10005c94                gl_emsk_sys_hz_cnt
 .bss           0x10005c9c        0x4 obj_emsk_11/gnu_arcem6/emsk/mux.o
 .bss           0x10005ca0        0x4 obj_emsk_11/gnu_arcem6/emsk/dw_iic_obj.o
 .bss           0x10005ca4       0x10 obj_emsk_11/gnu_arcem6/emsk/emsk_gpio.o
 .bss           0x10005cb4      0x184 obj_emsk_11/gnu_arcem6/emsk/dw_gpio_obj.o
 .bss           0x10005e38        0x0 obj_emsk_11/gnu_arcem6/emsk/emsk_sdcard.o
 .bss           0x10005e38        0x8 obj_emsk_11/gnu_arcem6/middleware/common/console_io.o
 .bss           0x10005e40        0x4 obj_emsk_11/gnu_arcem6/middleware/common/syscalls.o
 .bss           0x10005e44        0x4 obj_emsk_11/gnu_arcem6/middleware/common/xprintf.o
 .bss           0x10005e48        0x0 obj_emsk_11/gnu_arcem6/arc/arc_timer.o
 .bss           0x10005e48        0x0 obj_emsk_11/gnu_arcem6/arc/arc_exception.o
 .bss           0x10005e48        0x0 obj_emsk_11/gnu_arcem6/arc/arc_startup.o
 .bss           0x10005e48        0x0 obj_emsk_11/gnu_arcem6/arc/arc_exc_asm.o
 .bss           0x10005e48        0x0 obj_emsk_11/gnu_arcem6/emsk/dw_iic.o
 .bss           0x10005e48        0x0 obj_emsk_11/gnu_arcem6/emsk/dw_gpio.o
 .bss           0x10005e48        0x4 obj_emsk_11/gnu_arcem6/emsk/dw_uart_obj.o
 .bss           0x10005e4c       0x10 obj_emsk_11/gnu_arcem6/arc/arc_cache.o
 .bss           0x10005e5c        0x0 obj_emsk_11/gnu_arcem6/emsk/dw_uart.o
 .bss           0x10005e5c        0x0 c:/arc_gnu/bin/../lib/gcc/arc-elf32/4.8.5/../../../../arc-elf32/lib/em/norm\libc.a(lib_a-errno.o)
 .bss           0x10005e5c        0x0 c:/arc_gnu/bin/../lib/gcc/arc-elf32/4.8.5/../../../../arc-elf32/lib/em/norm\libc.a(lib_a-impure.o)
 *(COMMON)
 COMMON         0x10005e5c        0x4 obj_emsk_11/gnu_arcem6/iic.o
                0x10005e5c                iic_master
 COMMON         0x10005e60      0x180 obj_emsk_11/gnu_arcem6/emsk/dw_iic_obj.o
                0x10005e60                dw_iic_0_ctrl
                0x10005eb8                dw_iic_1
                0x10005f20                dw_iic_0
                0x10005f88                dw_iic_1_ctrl
 COMMON         0x10005fe0        0x8 obj_emsk_11/gnu_arcem6/middleware/common/xprintf.o
                0x10005fe0                xfunc_in
                0x10005fe4                xfunc_out
 COMMON         0x10005fe8       0x68 obj_emsk_11/gnu_arcem6/arc/arc_exception.o
                0x10005fe8                exc_int_handler_table
                0x1000604c                exc_nest_count
 COMMON         0x10006050       0xb8 obj_emsk_11/gnu_arcem6/emsk/dw_uart_obj.o
                0x10006050                dw_uart_0
                0x100060ac                dw_uart_1
                0x10006108                _e_bss = .

.stack          0x10006108     0x2000
                0x10006108                . = ALIGN (0x4)
                0x10006108                _f_stack = .
                0x10007108                . = (. + DEFINED (_STACKSIZE)?_STACKSIZE:0x1000)
 *fill*         0x10006108     0x2000 
                0x10008108                _e_stack = .

.heap           0x10008108     0x2000
                0x10008108                . = ALIGN (0x4)
                0x10008108                __start_heap = .
                0x10008108                _f_heap = .
                0x10009108                . = (. + DEFINED (_HEAPSIZE)?_HEAPSIZE:0x1000)
 *fill*         0x10008108     0x2000 
                0x1000a108                _e_heap = .
                0x1000a108                __end_heap = .
                0x10000198                _load_addr_text = LOADADDR (.text)
                0x10004c10                _load_addr_rodata = LOADADDR (.rodata)
                0x10005800                _load_addr_data = LOADADDR (.data)
LOAD obj_emsk_11/gnu_arcem6/iic.o
LOAD obj_emsk_11/gnu_arcem6/main.o
LOAD obj_emsk_11/gnu_arcem6/libembarc.a
LOAD c:/arc_gnu/bin/../lib/gcc/arc-elf32/4.8.5/em/norm\libgcc.a
LOAD c:/arc_gnu/bin/../lib/gcc/arc-elf32/4.8.5/../../../../arc-elf32/lib/em/norm\libc.a
LOAD c:/arc_gnu/bin/../lib/gcc/arc-elf32/4.8.5/em/norm\libgcc.a
OUTPUT(obj_emsk_11/gnu_arcem6/emsk_gpio_gnu_arcem6.elf elf32-littlearc)

.debug_frame    0x00000000     0x1ccc
 .debug_frame   0x00000000      0x188 obj_emsk_11/gnu_arcem6/iic.o
 .debug_frame   0x00000188       0xd4 obj_emsk_11/gnu_arcem6/main.o
 .debug_frame   0x0000025c       0x50 obj_emsk_11/gnu_arcem6/emsk/emsk_init.o
 .debug_frame   0x000002ac       0x88 obj_emsk_11/gnu_arcem6/emsk/emsk_timer.o
 .debug_frame   0x00000334       0xa0 obj_emsk_11/gnu_arcem6/emsk/mux.o
 .debug_frame   0x000003d4      0x160 obj_emsk_11/gnu_arcem6/emsk/dw_iic_obj.o
 .debug_frame   0x00000534      0x1a4 obj_emsk_11/gnu_arcem6/emsk/emsk_gpio.o
 .debug_frame   0x000006d8      0x1d4 obj_emsk_11/gnu_arcem6/emsk/dw_gpio_obj.o
 .debug_frame   0x000008ac       0x20 obj_emsk_11/gnu_arcem6/emsk/emsk_sdcard.o
 .debug_frame   0x000008cc       0xb8 obj_emsk_11/gnu_arcem6/middleware/common/console_io.o
 .debug_frame   0x00000984      0x254 obj_emsk_11/gnu_arcem6/middleware/common/syscalls.o
 .debug_frame   0x00000bd8      0x344 obj_emsk_11/gnu_arcem6/middleware/common/xprintf.o
 .debug_frame   0x00000f1c      0x25c obj_emsk_11/gnu_arcem6/arc/arc_timer.o
 .debug_frame   0x00001178       0xf0 obj_emsk_11/gnu_arcem6/arc/arc_exception.o
 .debug_frame   0x00001268      0x42c obj_emsk_11/gnu_arcem6/emsk/dw_iic.o
 .debug_frame   0x00001694      0x154 obj_emsk_11/gnu_arcem6/emsk/dw_gpio.o
 .debug_frame   0x000017e8      0x12c obj_emsk_11/gnu_arcem6/emsk/dw_uart_obj.o
 .debug_frame   0x00001914       0xd0 obj_emsk_11/gnu_arcem6/arc/arc_cache.o
 .debug_frame   0x000019e4      0x2c8 obj_emsk_11/gnu_arcem6/emsk/dw_uart.o
 .debug_frame   0x00001cac       0x20 c:/arc_gnu/bin/../lib/gcc/arc-elf32/4.8.5/../../../../arc-elf32/lib/em/norm\libc.a(lib_a-errno.o)

.debug_info     0x00000000     0xc659
 .debug_info    0x00000000      0x900 obj_emsk_11/gnu_arcem6/iic.o
 .debug_info    0x00000900      0x966 obj_emsk_11/gnu_arcem6/main.o
 .debug_info    0x00001266      0x3d5 obj_emsk_11/gnu_arcem6/emsk/emsk_init.o
 .debug_info    0x0000163b      0x49d obj_emsk_11/gnu_arcem6/emsk/emsk_timer.o
 .debug_info    0x00001ad8      0x1ea obj_emsk_11/gnu_arcem6/emsk/mux.o
 .debug_info    0x00001cc2      0xe91 obj_emsk_11/gnu_arcem6/emsk/dw_iic_obj.o
 .debug_info    0x00002b53      0x6bb obj_emsk_11/gnu_arcem6/emsk/emsk_gpio.o
 .debug_info    0x0000320e      0xff2 obj_emsk_11/gnu_arcem6/emsk/dw_gpio_obj.o
 .debug_info    0x00004200       0x7d obj_emsk_11/gnu_arcem6/emsk/emsk_sdcard.o
 .debug_info    0x0000427d      0x691 obj_emsk_11/gnu_arcem6/middleware/common/console_io.o
 .debug_info    0x0000490e      0xa12 obj_emsk_11/gnu_arcem6/middleware/common/syscalls.o
 .debug_info    0x00005320      0x712 obj_emsk_11/gnu_arcem6/middleware/common/xprintf.o
 .debug_info    0x00005a32      0x260 obj_emsk_11/gnu_arcem6/arc/arc_timer.o
 .debug_info    0x00005c92      0x63e obj_emsk_11/gnu_arcem6/arc/arc_exception.o
 .debug_info    0x000062d0       0x79 obj_emsk_11/gnu_arcem6/arc/arc_startup.o
 .debug_info    0x00006349       0x79 obj_emsk_11/gnu_arcem6/arc/arc_exc_asm.o
 .debug_info    0x000063c2     0x29aa obj_emsk_11/gnu_arcem6/emsk/dw_iic.o
 .debug_info    0x00008d6c     0x1246 obj_emsk_11/gnu_arcem6/emsk/dw_gpio.o
 .debug_info    0x00009fb2      0xa4e obj_emsk_11/gnu_arcem6/emsk/dw_uart_obj.o
 .debug_info    0x0000aa00      0x4d3 obj_emsk_11/gnu_arcem6/arc/arc_cache.o
 .debug_info    0x0000aed3     0x1786 obj_emsk_11/gnu_arcem6/emsk/dw_uart.o

.debug_abbrev   0x00000000     0x2d5c
 .debug_abbrev  0x00000000      0x2b0 obj_emsk_11/gnu_arcem6/iic.o
 .debug_abbrev  0x000002b0      0x2ab obj_emsk_11/gnu_arcem6/main.o
 .debug_abbrev  0x0000055b      0x1d3 obj_emsk_11/gnu_arcem6/emsk/emsk_init.o
 .debug_abbrev  0x0000072e      0x27c obj_emsk_11/gnu_arcem6/emsk/emsk_timer.o
 .debug_abbrev  0x000009aa       0xd7 obj_emsk_11/gnu_arcem6/emsk/mux.o
 .debug_abbrev  0x00000a81      0x29a obj_emsk_11/gnu_arcem6/emsk/dw_iic_obj.o
 .debug_abbrev  0x00000d1b      0x231 obj_emsk_11/gnu_arcem6/emsk/emsk_gpio.o
 .debug_abbrev  0x00000f4c      0x2de obj_emsk_11/gnu_arcem6/emsk/dw_gpio_obj.o
 .debug_abbrev  0x0000122a       0x42 obj_emsk_11/gnu_arcem6/emsk/emsk_sdcard.o
 .debug_abbrev  0x0000126c      0x223 obj_emsk_11/gnu_arcem6/middleware/common/console_io.o
 .debug_abbrev  0x0000148f      0x31b obj_emsk_11/gnu_arcem6/middleware/common/syscalls.o
 .debug_abbrev  0x000017aa      0x24c obj_emsk_11/gnu_arcem6/middleware/common/xprintf.o
 .debug_abbrev  0x000019f6      0x120 obj_emsk_11/gnu_arcem6/arc/arc_timer.o
 .debug_abbrev  0x00001b16      0x2d2 obj_emsk_11/gnu_arcem6/arc/arc_exception.o
 .debug_abbrev  0x00001de8       0x14 obj_emsk_11/gnu_arcem6/arc/arc_startup.o
 .debug_abbrev  0x00001dfc       0x14 obj_emsk_11/gnu_arcem6/arc/arc_exc_asm.o
 .debug_abbrev  0x00001e10      0x3b3 obj_emsk_11/gnu_arcem6/emsk/dw_iic.o
 .debug_abbrev  0x000021c3      0x368 obj_emsk_11/gnu_arcem6/emsk/dw_gpio.o
 .debug_abbrev  0x0000252b      0x271 obj_emsk_11/gnu_arcem6/emsk/dw_uart_obj.o
 .debug_abbrev  0x0000279c      0x1c3 obj_emsk_11/gnu_arcem6/arc/arc_cache.o
 .debug_abbrev  0x0000295f      0x3fd obj_emsk_11/gnu_arcem6/emsk/dw_uart.o

.debug_loc      0x00000000     0x8252
 .debug_loc     0x00000000      0x17c obj_emsk_11/gnu_arcem6/iic.o
 .debug_loc     0x0000017c      0x19f obj_emsk_11/gnu_arcem6/main.o
 .debug_loc     0x0000031b       0x52 obj_emsk_11/gnu_arcem6/emsk/emsk_init.o
 .debug_loc     0x0000036d       0xac obj_emsk_11/gnu_arcem6/emsk/emsk_timer.o
 .debug_loc     0x00000419       0xa5 obj_emsk_11/gnu_arcem6/emsk/mux.o
 .debug_loc     0x000004be      0x44f obj_emsk_11/gnu_arcem6/emsk/dw_iic_obj.o
 .debug_loc     0x0000090d      0x16d obj_emsk_11/gnu_arcem6/emsk/emsk_gpio.o
 .debug_loc     0x00000a7a      0x5d9 obj_emsk_11/gnu_arcem6/emsk/dw_gpio_obj.o
 .debug_loc     0x00001053      0x10f obj_emsk_11/gnu_arcem6/middleware/common/console_io.o
 .debug_loc     0x00001162      0x4ef obj_emsk_11/gnu_arcem6/middleware/common/syscalls.o
 .debug_loc     0x00001651      0xca8 obj_emsk_11/gnu_arcem6/middleware/common/xprintf.o
 .debug_loc     0x000022f9      0x447 obj_emsk_11/gnu_arcem6/arc/arc_timer.o
 .debug_loc     0x00002740      0x334 obj_emsk_11/gnu_arcem6/arc/arc_exception.o
 .debug_loc     0x00002a74     0x2ad6 obj_emsk_11/gnu_arcem6/emsk/dw_iic.o
 .debug_loc     0x0000554a     0x1192 obj_emsk_11/gnu_arcem6/emsk/dw_gpio.o
 .debug_loc     0x000066dc      0x386 obj_emsk_11/gnu_arcem6/emsk/dw_uart_obj.o
 .debug_loc     0x00006a62      0x381 obj_emsk_11/gnu_arcem6/arc/arc_cache.o
 .debug_loc     0x00006de3     0x146f obj_emsk_11/gnu_arcem6/emsk/dw_uart.o

.debug_aranges  0x00000000      0x2a8
 .debug_aranges
                0x00000000       0x20 obj_emsk_11/gnu_arcem6/iic.o
 .debug_aranges
                0x00000020       0x28 obj_emsk_11/gnu_arcem6/main.o
 .debug_aranges
                0x00000048       0x20 obj_emsk_11/gnu_arcem6/emsk/emsk_init.o
 .debug_aranges
                0x00000068       0x20 obj_emsk_11/gnu_arcem6/emsk/emsk_timer.o
 .debug_aranges
                0x00000088       0x20 obj_emsk_11/gnu_arcem6/emsk/mux.o
 .debug_aranges
                0x000000a8       0x20 obj_emsk_11/gnu_arcem6/emsk/dw_iic_obj.o
 .debug_aranges
                0x000000c8       0x20 obj_emsk_11/gnu_arcem6/emsk/emsk_gpio.o
 .debug_aranges
                0x000000e8       0x20 obj_emsk_11/gnu_arcem6/emsk/dw_gpio_obj.o
 .debug_aranges
                0x00000108       0x20 obj_emsk_11/gnu_arcem6/emsk/emsk_sdcard.o
 .debug_aranges
                0x00000128       0x20 obj_emsk_11/gnu_arcem6/middleware/common/console_io.o
 .debug_aranges
                0x00000148       0x20 obj_emsk_11/gnu_arcem6/middleware/common/syscalls.o
 .debug_aranges
                0x00000168       0x20 obj_emsk_11/gnu_arcem6/middleware/common/xprintf.o
 .debug_aranges
                0x00000188       0x20 obj_emsk_11/gnu_arcem6/arc/arc_timer.o
 .debug_aranges
                0x000001a8       0x20 obj_emsk_11/gnu_arcem6/arc/arc_exception.o
 .debug_aranges
                0x000001c8       0x20 obj_emsk_11/gnu_arcem6/arc/arc_startup.o
 .debug_aranges
                0x000001e8       0x20 obj_emsk_11/gnu_arcem6/arc/arc_exc_asm.o
 .debug_aranges
                0x00000208       0x20 obj_emsk_11/gnu_arcem6/emsk/dw_iic.o
 .debug_aranges
                0x00000228       0x20 obj_emsk_11/gnu_arcem6/emsk/dw_gpio.o
 .debug_aranges
                0x00000248       0x20 obj_emsk_11/gnu_arcem6/emsk/dw_uart_obj.o
 .debug_aranges
                0x00000268       0x20 obj_emsk_11/gnu_arcem6/arc/arc_cache.o
 .debug_aranges
                0x00000288       0x20 obj_emsk_11/gnu_arcem6/emsk/dw_uart.o

.debug_line     0x00000000     0x2ea0
 .debug_line    0x00000000      0x199 obj_emsk_11/gnu_arcem6/iic.o
 .debug_line    0x00000199      0x23c obj_emsk_11/gnu_arcem6/main.o
 .debug_line    0x000003d5      0x215 obj_emsk_11/gnu_arcem6/emsk/emsk_init.o
 .debug_line    0x000005ea      0x1b5 obj_emsk_11/gnu_arcem6/emsk/emsk_timer.o
 .debug_line    0x0000079f       0x86 obj_emsk_11/gnu_arcem6/emsk/mux.o
 .debug_line    0x00000825      0x256 obj_emsk_11/gnu_arcem6/emsk/dw_iic_obj.o
 .debug_line    0x00000a7b      0x187 obj_emsk_11/gnu_arcem6/emsk/emsk_gpio.o
 .debug_line    0x00000c02      0x26f obj_emsk_11/gnu_arcem6/emsk/dw_gpio_obj.o
 .debug_line    0x00000e71       0x62 obj_emsk_11/gnu_arcem6/emsk/emsk_sdcard.o
 .debug_line    0x00000ed3      0x1a3 obj_emsk_11/gnu_arcem6/middleware/common/console_io.o
 .debug_line    0x00001076      0x222 obj_emsk_11/gnu_arcem6/middleware/common/syscalls.o
 .debug_line    0x00001298      0x28f obj_emsk_11/gnu_arcem6/middleware/common/xprintf.o
 .debug_line    0x00001527      0x156 obj_emsk_11/gnu_arcem6/arc/arc_timer.o
 .debug_line    0x0000167d      0x252 obj_emsk_11/gnu_arcem6/arc/arc_exception.o
 .debug_line    0x000018cf       0xac obj_emsk_11/gnu_arcem6/arc/arc_startup.o
 .debug_line    0x0000197b       0xb4 obj_emsk_11/gnu_arcem6/arc/arc_exc_asm.o
 .debug_line    0x00001a2f      0x7be obj_emsk_11/gnu_arcem6/emsk/dw_iic.o
 .debug_line    0x000021ed      0x384 obj_emsk_11/gnu_arcem6/emsk/dw_gpio.o
 .debug_line    0x00002571      0x21d obj_emsk_11/gnu_arcem6/emsk/dw_uart_obj.o
 .debug_line    0x0000278e      0x21e obj_emsk_11/gnu_arcem6/arc/arc_cache.o
 .debug_line    0x000029ac      0x4f4 obj_emsk_11/gnu_arcem6/emsk/dw_uart.o

.debug_str      0x00000000     0x2a26
 .debug_str     0x00000000      0x4f5 obj_emsk_11/gnu_arcem6/iic.o
                                0x5e1 (size before relaxing)
 .debug_str     0x000004f5      0x272 obj_emsk_11/gnu_arcem6/main.o
                                0x663 (size before relaxing)
 .debug_str     0x00000767       0xaa obj_emsk_11/gnu_arcem6/emsk/emsk_init.o
                                0x420 (size before relaxing)
 .debug_str     0x00000811      0x140 obj_emsk_11/gnu_arcem6/emsk/emsk_timer.o
                                0x4ba (size before relaxing)
 .debug_str     0x00000951       0x8f obj_emsk_11/gnu_arcem6/emsk/mux.o
                                0x1a7 (size before relaxing)
 .debug_str     0x000009e0      0x61f obj_emsk_11/gnu_arcem6/emsk/dw_iic_obj.o
                                0xade (size before relaxing)
 .debug_str     0x00000fff       0xc7 obj_emsk_11/gnu_arcem6/emsk/emsk_gpio.o
                                0x4cf (size before relaxing)
 .debug_str     0x000010c6      0x3cc obj_emsk_11/gnu_arcem6/emsk/dw_gpio_obj.o
                                0x862 (size before relaxing)
 .debug_str     0x00001492       0x31 obj_emsk_11/gnu_arcem6/emsk/emsk_sdcard.o
                                0x18e (size before relaxing)
 .debug_str     0x000014c3      0x137 obj_emsk_11/gnu_arcem6/middleware/common/console_io.o
                                0x551 (size before relaxing)
 .debug_str     0x000015fa      0x253 obj_emsk_11/gnu_arcem6/middleware/common/syscalls.o
                                0x61c (size before relaxing)
 .debug_str     0x0000184d       0xaf obj_emsk_11/gnu_arcem6/middleware/common/xprintf.o
                                0x1f0 (size before relaxing)
 .debug_str     0x000018fc       0x32 obj_emsk_11/gnu_arcem6/arc/arc_timer.o
                                0x1da (size before relaxing)
 .debug_str     0x0000192e      0x1c9 obj_emsk_11/gnu_arcem6/arc/arc_exception.o
                                0x384 (size before relaxing)
 .debug_str     0x00001af7      0x615 obj_emsk_11/gnu_arcem6/emsk/dw_iic.o
                                0xed7 (size before relaxing)
 .debug_str     0x0000210c      0x22b obj_emsk_11/gnu_arcem6/emsk/dw_gpio.o
                                0x850 (size before relaxing)
 .debug_str     0x00002337      0x239 obj_emsk_11/gnu_arcem6/emsk/dw_uart_obj.o
                                0x6f9 (size before relaxing)
 .debug_str     0x00002570      0x1b6 obj_emsk_11/gnu_arcem6/arc/arc_cache.o
                                0x373 (size before relaxing)
 .debug_str     0x00002726      0x300 obj_emsk_11/gnu_arcem6/emsk/dw_uart.o
                                0x884 (size before relaxing)

.comment        0x00000000       0x39
 .comment       0x00000000       0x39 obj_emsk_11/gnu_arcem6/iic.o
                                 0x3a (size before relaxing)
 .comment       0x00000000       0x3a obj_emsk_11/gnu_arcem6/main.o
 .comment       0x00000000       0x3a obj_emsk_11/gnu_arcem6/emsk/emsk_init.o
 .comment       0x00000000       0x3a obj_emsk_11/gnu_arcem6/emsk/emsk_timer.o
 .comment       0x00000000       0x3a obj_emsk_11/gnu_arcem6/emsk/mux.o
 .comment       0x00000000       0x3a obj_emsk_11/gnu_arcem6/emsk/dw_iic_obj.o
 .comment       0x00000000       0x3a obj_emsk_11/gnu_arcem6/emsk/emsk_gpio.o
 .comment       0x00000000       0x3a obj_emsk_11/gnu_arcem6/emsk/dw_gpio_obj.o
 .comment       0x00000000       0x3a obj_emsk_11/gnu_arcem6/emsk/emsk_sdcard.o
 .comment       0x00000000       0x3a obj_emsk_11/gnu_arcem6/middleware/common/console_io.o
 .comment       0x00000000       0x3a obj_emsk_11/gnu_arcem6/middleware/common/syscalls.o
 .comment       0x00000000       0x3a obj_emsk_11/gnu_arcem6/middleware/common/xprintf.o
 .comment       0x00000000       0x3a obj_emsk_11/gnu_arcem6/arc/arc_timer.o
 .comment       0x00000000       0x3a obj_emsk_11/gnu_arcem6/arc/arc_exception.o
 .comment       0x00000000       0x3a obj_emsk_11/gnu_arcem6/emsk/dw_iic.o
 .comment       0x00000000       0x3a obj_emsk_11/gnu_arcem6/emsk/dw_gpio.o
 .comment       0x00000000       0x3a obj_emsk_11/gnu_arcem6/emsk/dw_uart_obj.o
 .comment       0x00000000       0x3a obj_emsk_11/gnu_arcem6/arc/arc_cache.o
 .comment       0x00000000       0x3a obj_emsk_11/gnu_arcem6/emsk/dw_uart.o

.debug_ranges   0x00000000      0x770
 .debug_ranges  0x00000000       0x18 obj_emsk_11/gnu_arcem6/main.o
 .debug_ranges  0x00000018       0x18 obj_emsk_11/gnu_arcem6/emsk/emsk_init.o
 .debug_ranges  0x00000030       0x18 obj_emsk_11/gnu_arcem6/middleware/common/console_io.o
 .debug_ranges  0x00000048       0x30 obj_emsk_11/gnu_arcem6/middleware/common/syscalls.o
 .debug_ranges  0x00000078       0x18 obj_emsk_11/gnu_arcem6/middleware/common/xprintf.o
 .debug_ranges  0x00000090      0x378 obj_emsk_11/gnu_arcem6/emsk/dw_iic.o
 .debug_ranges  0x00000408      0x160 obj_emsk_11/gnu_arcem6/emsk/dw_gpio.o
 .debug_ranges  0x00000568       0x30 obj_emsk_11/gnu_arcem6/arc/arc_cache.o
 .debug_ranges  0x00000598      0x1d8 obj_emsk_11/gnu_arcem6/emsk/dw_uart.o
