Archive member included because of file (symbol)

obj_emsk_11/gnu_arcem4/emsk/emsk_init.o
                              obj_emsk_11/gnu_arcem4/main.o (board_init)
obj_emsk_11/gnu_arcem4/emsk/emsk_timer.o
                              obj_emsk_11/gnu_arcem4/main.o (millis)
obj_emsk_11/gnu_arcem4/emsk/mux.o
                              obj_emsk_11/gnu_arcem4/emsk/emsk_init.o (mux_init)
obj_emsk_11/gnu_arcem4/emsk/dw_iic_obj.o
                              obj_emsk_11/gnu_arcem4/iic.o (iic_get_dev)
obj_emsk_11/gnu_arcem4/emsk/emsk_gpio.o
                              obj_emsk_11/gnu_arcem4/emsk/emsk_init.o (emsk_gpio_init)
obj_emsk_11/gnu_arcem4/emsk/dw_gpio_obj.o
                              obj_emsk_11/gnu_arcem4/main.o (gpio_get_dev)
obj_emsk_11/gnu_arcem4/emsk/emsk_sdcard.o
                              obj_emsk_11/gnu_arcem4/emsk/emsk_timer.o (emsk_sdcard_1ms_update)
obj_emsk_11/gnu_arcem4/middleware/common/console_io.o
                              obj_emsk_11/gnu_arcem4/emsk/emsk_init.o (xprintf_setup)
obj_emsk_11/gnu_arcem4/middleware/common/syscalls.o
                              obj_emsk_11/gnu_arcem4/middleware/common/console_io.o (gnu_printf_setup)
obj_emsk_11/gnu_arcem4/middleware/common/xprintf.o
                              obj_emsk_11/gnu_arcem4/middleware/common/console_io.o (xfunc_out)
obj_emsk_11/gnu_arcem4/arc/arc_timer.o
                              obj_emsk_11/gnu_arcem4/emsk/emsk_timer.o (timer_present)
obj_emsk_11/gnu_arcem4/arc/arc_exception.o
                              obj_emsk_11/gnu_arcem4/emsk/emsk_timer.o (int_handler_install)
obj_emsk_11/gnu_arcem4/arc/arc_startup.o
                              obj_emsk_11/gnu_arcem4/arc/arc_exception.o (_arc_reset)
obj_emsk_11/gnu_arcem4/arc/arc_exc_asm.o
                              obj_emsk_11/gnu_arcem4/arc/arc_exception.o (exc_entry_cpu)
obj_emsk_11/gnu_arcem4/emsk/dw_iic.o
                              obj_emsk_11/gnu_arcem4/emsk/dw_iic_obj.o (dw_iic_open)
obj_emsk_11/gnu_arcem4/emsk/dw_gpio.o
                              obj_emsk_11/gnu_arcem4/emsk/dw_gpio_obj.o (dw_gpio_open)
obj_emsk_11/gnu_arcem4/emsk/dw_uart_obj.o
                              obj_emsk_11/gnu_arcem4/middleware/common/console_io.o (uart_get_dev)
obj_emsk_11/gnu_arcem4/arc/arc_cache.o
                              obj_emsk_11/gnu_arcem4/arc/arc_startup.o (arc_cache_init)
obj_emsk_11/gnu_arcem4/emsk/dw_uart.o
                              obj_emsk_11/gnu_arcem4/emsk/dw_uart_obj.o (dw_uart_open)
c:/arc/arc_gnu/bin/../lib/gcc/arc-elf32/4.8.3/../../../../arc-elf32/lib/em/norm\libc.a(lib_a-errno.o)
                              obj_emsk_11/gnu_arcem4/middleware/common/syscalls.o (__errno)
c:/arc/arc_gnu/bin/../lib/gcc/arc-elf32/4.8.3/../../../../arc-elf32/lib/em/norm\libc.a(lib_a-impure.o)
                              c:/arc/arc_gnu/bin/../lib/gcc/arc-elf32/4.8.3/../../../../arc-elf32/lib/em/norm\libc.a(lib_a-errno.o) (_impure_ptr)

Allocating common symbols
Common symbol       size              file

xfunc_in            0x4               obj_emsk_11/gnu_arcem4/middleware/common/xprintf.o
dw_uart_0           0x5c              obj_emsk_11/gnu_arcem4/emsk/dw_uart_obj.o
iic_master          0x4               obj_emsk_11/gnu_arcem4/iic.o
dw_iic_0_ctrl       0x58              obj_emsk_11/gnu_arcem4/emsk/dw_iic_obj.o
xfunc_out           0x4               obj_emsk_11/gnu_arcem4/middleware/common/xprintf.o
exc_int_handler_table
                    0x64              obj_emsk_11/gnu_arcem4/arc/arc_exception.o
dw_iic_1            0x68              obj_emsk_11/gnu_arcem4/emsk/dw_iic_obj.o
exc_nest_count      0x4               obj_emsk_11/gnu_arcem4/arc/arc_exception.o
dw_uart_1           0x5c              obj_emsk_11/gnu_arcem4/emsk/dw_uart_obj.o
dw_iic_0            0x68              obj_emsk_11/gnu_arcem4/emsk/dw_iic_obj.o
dw_iic_1_ctrl       0x58              obj_emsk_11/gnu_arcem4/emsk/dw_iic_obj.o

Memory Configuration

Name             Origin             Length             Attributes
iccm             0x00000000         0x00020000
dccm             0x80000000         0x00010000
*default*        0x00000000         0xffffffff

Linker script and memory map

                0x00002000                _HEAPSIZE = 0x2000
                0x00002000                _STACKSIZE = 0x2000

.init           0x00000000      0x198
                0x00000000                _f_init = .
 *(.init_vector)
 .init_vector   0x00000000        0x4 obj_emsk_11/gnu_arcem4/arc/arc_startup.o
 *(.init_bootstrap)
 .init_bootstrap
                0x00000004      0x194 obj_emsk_11/gnu_arcem4/arc/arc_startup.o
                0x00000004                _arc_reset
                0x00000004                _start
                0x00000184                _exit_loop
                0x00000184                _exit_halt
                0x00000198                _e_init = .

.text           0x00000198     0x4a78
                0x00000198                _f_text = .
 *(.text .text.* .gnu.linkonce.t.*)
 .text          0x00000198      0x1f8 obj_emsk_11/gnu_arcem4/iic.o
                0x00000198                slvdev_init
                0x000001d0                slvdev_write_reg
                0x00000214                slvdev_read_reg
                0x00000280                iic0_init
                0x00000318                setPWM
 .text          0x00000390       0x7c obj_emsk_11/gnu_arcem4/main.o
                0x000003b4                pinLevelChangeDetect
 .text.startup  0x0000040c      0x2bc obj_emsk_11/gnu_arcem4/main.o
                0x0000040c                main
 .text          0x000006c8       0x7c obj_emsk_11/gnu_arcem4/emsk/emsk_init.o
                0x000006c8                board_init
 .text          0x00000744      0x13c obj_emsk_11/gnu_arcem4/emsk/emsk_timer.o
                0x00000744                board_timer_update
                0x00000800                millis
                0x0000080c                emsk_timer_init
                0x00000868                board_delay_ms
 .text          0x00000880       0x48 obj_emsk_11/gnu_arcem4/emsk/mux.o
                0x00000880                mux_init
                0x00000898                get_mux_regs
                0x000008a4                set_pmod_mux
                0x000008a8                get_pmod_mux
                0x000008ac                change_pmod_mux
                0x000008b8                set_spi_map
                0x000008bc                get_spi_map
                0x000008c0                set_uart_map
                0x000008c4                get_uart_map
 .text          0x000008c8      0x3b4 obj_emsk_11/gnu_arcem4/emsk/dw_iic_obj.o
                0x00000c18                iic_get_dev
                0x00000c70                dw_iic_all_install
 .text          0x00000c7c      0x1dc obj_emsk_11/gnu_arcem4/emsk/emsk_gpio.o
                0x00000c7c                emsk_led_init
                0x00000cec                emsk_button_init
                0x00000d34                emsk_switch_init
                0x00000d7c                emsk_gpio_init
                0x00000d90                led_write
                0x00000dc0                led_read
                0x00000df0                switch_read
                0x00000e24                button_read
 .text          0x00000e58      0x4a8 obj_emsk_11/gnu_arcem4/emsk/dw_gpio_obj.o
                0x00000fa8                dw_gpio_all_install
                0x000012bc                gpio_get_dev
 .text          0x00001300        0x4 obj_emsk_11/gnu_arcem4/emsk/emsk_sdcard.o
                0x00001300                emsk_sdcard_1ms_update
 .text          0x00001304      0x118 obj_emsk_11/gnu_arcem4/middleware/common/console_io.o
                0x00001304                console_putchar
                0x00001330                console_getchar
                0x0000136c                console_putstr
                0x00001380                console_getstr
                0x00001394                xprintf_setup
 .text          0x0000141c      0x154 obj_emsk_11/gnu_arcem4/middleware/common/syscalls.o
                0x0000141c                _read
                0x00001424                _write
                0x00001470                _exit
                0x00001478                _close
                0x00001488                _execve
                0x00001498                _fstat
                0x000014a4                _getpid
                0x000014a8                _isatty
                0x000014ac                _kill
                0x000014bc                _link
                0x000014cc                _lseek
                0x000014d0                _open
                0x000014e0                _stat
                0x000014ec                _times
                0x000014fc                _unlink
                0x0000150c                _wait
                0x0000151c                _gettimeofday
                0x00001520                _time
                0x00001524                _sbrk
                0x0000156c                gnu_printf_setup
 .text          0x00001570      0x6cc obj_emsk_11/gnu_arcem4/middleware/common/xprintf.o
                0x00001570                xputc
                0x000015bc                xputs
                0x000015dc                xfputs
                0x00001620                xvprintf
                0x00001914                xprintf
                0x0000193c                xsprintf
                0x0000197c                xfprintf
                0x000019bc                put_dump
                0x00001a94                xgets
                0x00001b20                xfgets
                0x00001b48                xatoi
 .text          0x00001c3c      0x258 obj_emsk_11/gnu_arcem4/arc/arc_timer.o
                0x00001c3c                timer_present
                0x00001c68                timer_start
                0x00001d20                timer_stop
                0x00001db8                timer_current
                0x00001e28                timer_int_clear
                0x00001e7c                timer_init
 .text          0x00001e94      0x25c obj_emsk_11/gnu_arcem4/arc/arc_exception.o
                0x00001f2c                exc_entry_install
                0x00001f94                exc_entry_get
                0x00001fa8                exc_handler_install
                0x00001fc0                exc_handler_get
                0x00001fd4                exc_int_init
                0x000020a0                int_handler_install
                0x000020bc                int_handler_get
                0x000020d4                int_pri_set
 .text          0x000020f0        0x0 obj_emsk_11/gnu_arcem4/arc/arc_startup.o
 .text          0x000020f0      0x2d8 obj_emsk_11/gnu_arcem4/arc/arc_exc_asm.o
                0x000020f0                exc_entry_cpu
                0x00002228                exc_entry_int
                0x00002344                exc_entry_firq
 .text          0x000023c8     0x1328 obj_emsk_11/gnu_arcem4/emsk/dw_iic.o
                0x000026d8                dw_iic_open
                0x000029ac                dw_iic_close
                0x00002ac4                dw_iic_control
                0x00003074                dw_iic_write
                0x000031e0                dw_iic_read
                0x00003360                dw_iic_isr
 .text          0x000036f0      0x51c obj_emsk_11/gnu_arcem4/emsk/dw_gpio.o
                0x00003740                dw_gpio_open
                0x00003838                dw_gpio_close
                0x000038cc                dw_gpio_read
                0x0000392c                dw_gpio_write
                0x00003970                dw_gpio_control
                0x00003b6c                dw_gpio_isr_handler
 .text          0x00003c0c      0x200 obj_emsk_11/gnu_arcem4/emsk/dw_uart_obj.o
                0x00003cb4                dw_uart_all_install
                0x00003dbc                uart_get_dev
 .text          0x00003e0c      0x320 obj_emsk_11/gnu_arcem4/arc/arc_cache.o
                0x00003e0c                icache_invalidate_mlines
                0x00003e4c                icache_lock_mlines
                0x00003e94                icache_direct_write
                0x00003eb8                icache_direct_read
                0x00003edc                icache_indirect_read
                0x00003f08                dcache_invalidate_mlines
                0x00003f44                dcache_flush_mlines
                0x00003f90                dcache_lock_mlines
                0x00003fd8                dcache_direct_write
                0x00003ffc                dcache_direct_read
                0x00004020                dcache_indirect_read
                0x0000404c                arc_cache_init
 .text          0x0000412c      0xae0 obj_emsk_11/gnu_arcem4/emsk/dw_uart.o
                0x00004314                dw_uart_open
                0x000044d0                dw_uart_close
                0x00004604                dw_uart_control
                0x000049bc                dw_uart_write
                0x00004a20                dw_uart_read
                0x00004a88                dw_uart_isr
 .text          0x00004c0c        0x4 c:/arc/arc_gnu/bin/../lib/gcc/arc-elf32/4.8.3/../../../../arc-elf32/lib/em/norm\libc.a(lib_a-errno.o)
                0x00004c0c                __errno
 .text          0x00004c10        0x0 c:/arc/arc_gnu/bin/../lib/gcc/arc-elf32/4.8.3/../../../../arc-elf32/lib/em/norm\libc.a(lib_a-impure.o)
                0x00004c10                _e_text = .

.rodata         0x00004c10      0x770
                0x00004c10                _f_rodata = .
 *(.rodata .rodata.* .gnu.linkonce.r.*)
 .rodata.str1.4
                0x00004c10       0x65 obj_emsk_11/gnu_arcem4/iic.o
                                 0x68 (size before relaxing)
 *fill*         0x00004c75        0x3 
 .rodata.str1.4
                0x00004c78      0x116 obj_emsk_11/gnu_arcem4/main.o
                                0x118 (size before relaxing)
 *fill*         0x00004d8e        0x2 
 .rodata        0x00004d90       0x20 obj_emsk_11/gnu_arcem4/emsk/dw_iic_obj.o
 .rodata        0x00004db0       0x10 obj_emsk_11/gnu_arcem4/emsk/dw_gpio_obj.o
 .rodata.str1.4
                0x00004dc0      0x316 obj_emsk_11/gnu_arcem4/middleware/common/console_io.o
                                0x318 (size before relaxing)
 *fill*         0x000050d6        0x2 
 .rodata        0x000050d8       0x5c obj_emsk_11/gnu_arcem4/middleware/common/xprintf.o
 .rodata.str1.4
                0x00005134       0x1f obj_emsk_11/gnu_arcem4/middleware/common/xprintf.o
                                 0x20 (size before relaxing)
 *fill*         0x00005153        0x1 
 .rodata.str1.4
                0x00005154      0x12d obj_emsk_11/gnu_arcem4/arc/arc_exception.o
                                0x130 (size before relaxing)
 *fill*         0x00005281        0x3 
 .rodata        0x00005284       0x34 obj_emsk_11/gnu_arcem4/arc/arc_exception.o
 .rodata        0x000052b8       0x2c obj_emsk_11/gnu_arcem4/emsk/dw_gpio.o
 .rodata        0x000052e4       0x94 obj_emsk_11/gnu_arcem4/emsk/dw_uart.o
                0x00005368                dw_uart_stopbits
                0x0000536c                dw_uart_parity
                0x00005374                dw_uart_databits
 .rodata        0x00005378        0x4 c:/arc/arc_gnu/bin/../lib/gcc/arc-elf32/4.8.3/../../../../arc-elf32/lib/em/norm\libc.a(lib_a-impure.o)
                0x00005378                _global_impure_ptr
 .rodata.str1.4
                0x0000537c        0x4 c:/arc/arc_gnu/bin/../lib/gcc/arc-elf32/4.8.3/../../../../arc-elf32/lib/em/norm\libc.a(lib_a-impure.o)
                0x00005380                _e_rodata = .

.vector         0x00005400      0x400
                0x00005400                _f_vector = .
 *(.vector)
 .vector        0x00005400      0x400 obj_emsk_11/gnu_arcem4/arc/arc_exception.o
                0x00005400                exc_entry_table
                0x00005800                _e_vector = .
                0x00005800                . = ALIGN (0x4)

.data           0x80000000      0x46c load address 0x00005800
                0x80000000                _f_data = .
 *(.data .data.* .gnu.linkonce.d.*)
 .data          0x80000000        0x0 obj_emsk_11/gnu_arcem4/iic.o
 .data          0x80000000        0x0 obj_emsk_11/gnu_arcem4/main.o
 .data          0x80000000        0x0 obj_emsk_11/gnu_arcem4/emsk/emsk_init.o
 .data          0x80000000        0x0 obj_emsk_11/gnu_arcem4/emsk/emsk_timer.o
 .data          0x80000000        0x0 obj_emsk_11/gnu_arcem4/emsk/mux.o
 .data          0x80000000        0x0 obj_emsk_11/gnu_arcem4/emsk/dw_iic_obj.o
 .data          0x80000000        0x0 obj_emsk_11/gnu_arcem4/emsk/emsk_gpio.o
 .data          0x80000000        0x8 obj_emsk_11/gnu_arcem4/emsk/dw_gpio_obj.o
 .data          0x80000008        0x0 obj_emsk_11/gnu_arcem4/emsk/emsk_sdcard.o
 .data          0x80000008        0x0 obj_emsk_11/gnu_arcem4/middleware/common/console_io.o
 .data          0x80000008        0x0 obj_emsk_11/gnu_arcem4/middleware/common/syscalls.o
 .data          0x80000008        0x0 obj_emsk_11/gnu_arcem4/middleware/common/xprintf.o
 .data          0x80000008        0x0 obj_emsk_11/gnu_arcem4/arc/arc_timer.o
 .data          0x80000008        0x0 obj_emsk_11/gnu_arcem4/arc/arc_exception.o
 .data          0x80000008        0x0 obj_emsk_11/gnu_arcem4/arc/arc_startup.o
 .data          0x80000008        0x0 obj_emsk_11/gnu_arcem4/arc/arc_exc_asm.o
 .data          0x80000008        0x0 obj_emsk_11/gnu_arcem4/emsk/dw_iic.o
 .data          0x80000008        0x0 obj_emsk_11/gnu_arcem4/emsk/dw_gpio.o
 .data          0x80000008       0x38 obj_emsk_11/gnu_arcem4/emsk/dw_uart_obj.o
                0x80000008                dw_uart_1_ctrl
                0x80000024                dw_uart_0_ctrl
 .data          0x80000040        0x0 obj_emsk_11/gnu_arcem4/arc/arc_cache.o
 .data          0x80000040        0x0 obj_emsk_11/gnu_arcem4/emsk/dw_uart.o
 .data          0x80000040        0x0 c:/arc/arc_gnu/bin/../lib/gcc/arc-elf32/4.8.3/../../../../arc-elf32/lib/em/norm\libc.a(lib_a-errno.o)
 .data          0x80000040      0x424 c:/arc/arc_gnu/bin/../lib/gcc/arc-elf32/4.8.3/../../../../arc-elf32/lib/em/norm\libc.a(lib_a-impure.o)
                0x80000468                . = ALIGN (0x8)
 *fill*         0x80000464        0x4 
                0x80000468                _f_sdata = .
                0x80000468                __SDATA_BEGIN__ = .
 *(.sdata .sdata.* .gnu.linkonce.s.*)
 .sdata         0x80000468        0x4 c:/arc/arc_gnu/bin/../lib/gcc/arc-elf32/4.8.3/../../../../arc-elf32/lib/em/norm\libc.a(lib_a-impure.o)
                0x80000468                _impure_ptr
                0x8000046c                _e_sdata = .
                0x8000046c                _e_data = .

.bss            0x80000470      0x498
                0x80000470                . = ALIGN (0x8)
                0x80000470                _f_bss = .
                0x80000470                _f_sbss = .
 *(.dynsbss)
 *(.sbss .sbss.* .gnu.linkonce.sb.*)
 *(.scommon)
                0x80000470                _e_sbss = .
 *(.dynbss)
 *(.bss .bss.* .gnu.linkonce.b.*)
 .bss           0x80000470        0x0 obj_emsk_11/gnu_arcem4/iic.o
 .bss           0x80000470       0x14 obj_emsk_11/gnu_arcem4/main.o
 .bss           0x80000484        0x0 obj_emsk_11/gnu_arcem4/emsk/emsk_init.o
 .bss           0x80000484       0x18 obj_emsk_11/gnu_arcem4/emsk/emsk_timer.o
                0x80000490                gl_emsk_ms_cnt
                0x80000494                gl_emsk_sys_hz_cnt
 .bss           0x8000049c        0x4 obj_emsk_11/gnu_arcem4/emsk/mux.o
 .bss           0x800004a0        0x4 obj_emsk_11/gnu_arcem4/emsk/dw_iic_obj.o
 .bss           0x800004a4       0x10 obj_emsk_11/gnu_arcem4/emsk/emsk_gpio.o
 .bss           0x800004b4      0x184 obj_emsk_11/gnu_arcem4/emsk/dw_gpio_obj.o
 .bss           0x80000638        0x0 obj_emsk_11/gnu_arcem4/emsk/emsk_sdcard.o
 .bss           0x80000638        0x8 obj_emsk_11/gnu_arcem4/middleware/common/console_io.o
 .bss           0x80000640        0x4 obj_emsk_11/gnu_arcem4/middleware/common/syscalls.o
 .bss           0x80000644        0x4 obj_emsk_11/gnu_arcem4/middleware/common/xprintf.o
 .bss           0x80000648        0x0 obj_emsk_11/gnu_arcem4/arc/arc_timer.o
 .bss           0x80000648        0x0 obj_emsk_11/gnu_arcem4/arc/arc_exception.o
 .bss           0x80000648        0x0 obj_emsk_11/gnu_arcem4/arc/arc_startup.o
 .bss           0x80000648        0x0 obj_emsk_11/gnu_arcem4/arc/arc_exc_asm.o
 .bss           0x80000648        0x0 obj_emsk_11/gnu_arcem4/emsk/dw_iic.o
 .bss           0x80000648        0x0 obj_emsk_11/gnu_arcem4/emsk/dw_gpio.o
 .bss           0x80000648        0x4 obj_emsk_11/gnu_arcem4/emsk/dw_uart_obj.o
 .bss           0x8000064c       0x10 obj_emsk_11/gnu_arcem4/arc/arc_cache.o
 .bss           0x8000065c        0x0 obj_emsk_11/gnu_arcem4/emsk/dw_uart.o
 .bss           0x8000065c        0x0 c:/arc/arc_gnu/bin/../lib/gcc/arc-elf32/4.8.3/../../../../arc-elf32/lib/em/norm\libc.a(lib_a-errno.o)
 .bss           0x8000065c        0x0 c:/arc/arc_gnu/bin/../lib/gcc/arc-elf32/4.8.3/../../../../arc-elf32/lib/em/norm\libc.a(lib_a-impure.o)
 *(COMMON)
 COMMON         0x8000065c        0x4 obj_emsk_11/gnu_arcem4/iic.o
                0x8000065c                iic_master
 COMMON         0x80000660      0x180 obj_emsk_11/gnu_arcem4/emsk/dw_iic_obj.o
                0x80000660                dw_iic_0_ctrl
                0x800006b8                dw_iic_1
                0x80000720                dw_iic_0
                0x80000788                dw_iic_1_ctrl
 COMMON         0x800007e0        0x8 obj_emsk_11/gnu_arcem4/middleware/common/xprintf.o
                0x800007e0                xfunc_in
                0x800007e4                xfunc_out
 COMMON         0x800007e8       0x68 obj_emsk_11/gnu_arcem4/arc/arc_exception.o
                0x800007e8                exc_int_handler_table
                0x8000084c                exc_nest_count
 COMMON         0x80000850       0xb8 obj_emsk_11/gnu_arcem4/emsk/dw_uart_obj.o
                0x80000850                dw_uart_0
                0x800008ac                dw_uart_1
                0x80000908                _e_bss = .

.stack          0x80000908     0x2000
                0x80000908                . = ALIGN (0x4)
                0x80000908                _f_stack = .
                0x80001108                . = (. + DEFINED (_STACKSIZE)?_STACKSIZE:0x800)
 *fill*         0x80000908     0x2000 
                0x80002908                _e_stack = .

.heap           0x80002908     0x2000
                0x80002908                . = ALIGN (0x4)
                0x80002908                __start_heap = .
                0x80002908                _f_heap = .
                0x80003108                . = (. + DEFINED (_HEAPSIZE)?_HEAPSIZE:0x800)
 *fill*         0x80002908     0x2000 
                0x80004908                _e_heap = .
                0x80004908                __end_heap = .
                0x00000198                _load_addr_text = LOADADDR (.text)
                0x00004c10                _load_addr_rodata = LOADADDR (.rodata)
                0x00005800                _load_addr_data = LOADADDR (.data)
LOAD obj_emsk_11/gnu_arcem4/iic.o
LOAD obj_emsk_11/gnu_arcem4/main.o
LOAD obj_emsk_11/gnu_arcem4/libembarc.a
LOAD c:/arc/arc_gnu/bin/../lib/gcc/arc-elf32/4.8.3/em/norm\libgcc.a
LOAD c:/arc/arc_gnu/bin/../lib/gcc/arc-elf32/4.8.3/../../../../arc-elf32/lib/em/norm\libc.a
LOAD c:/arc/arc_gnu/bin/../lib/gcc/arc-elf32/4.8.3/em/norm\libgcc.a
OUTPUT(obj_emsk_11/gnu_arcem4/emsk_gpio_gnu_arcem4.elf elf32-littlearc)

.debug_frame    0x00000000     0x1c94
 .debug_frame   0x00000000      0x188 obj_emsk_11/gnu_arcem4/iic.o
 .debug_frame   0x00000188       0x9c obj_emsk_11/gnu_arcem4/main.o
 .debug_frame   0x00000224       0x50 obj_emsk_11/gnu_arcem4/emsk/emsk_init.o
 .debug_frame   0x00000274       0x88 obj_emsk_11/gnu_arcem4/emsk/emsk_timer.o
 .debug_frame   0x000002fc       0xa0 obj_emsk_11/gnu_arcem4/emsk/mux.o
 .debug_frame   0x0000039c      0x160 obj_emsk_11/gnu_arcem4/emsk/dw_iic_obj.o
 .debug_frame   0x000004fc      0x1a4 obj_emsk_11/gnu_arcem4/emsk/emsk_gpio.o
 .debug_frame   0x000006a0      0x1d4 obj_emsk_11/gnu_arcem4/emsk/dw_gpio_obj.o
 .debug_frame   0x00000874       0x20 obj_emsk_11/gnu_arcem4/emsk/emsk_sdcard.o
 .debug_frame   0x00000894       0xb8 obj_emsk_11/gnu_arcem4/middleware/common/console_io.o
 .debug_frame   0x0000094c      0x254 obj_emsk_11/gnu_arcem4/middleware/common/syscalls.o
 .debug_frame   0x00000ba0      0x344 obj_emsk_11/gnu_arcem4/middleware/common/xprintf.o
 .debug_frame   0x00000ee4      0x25c obj_emsk_11/gnu_arcem4/arc/arc_timer.o
 .debug_frame   0x00001140       0xf0 obj_emsk_11/gnu_arcem4/arc/arc_exception.o
 .debug_frame   0x00001230      0x42c obj_emsk_11/gnu_arcem4/emsk/dw_iic.o
 .debug_frame   0x0000165c      0x154 obj_emsk_11/gnu_arcem4/emsk/dw_gpio.o
 .debug_frame   0x000017b0      0x12c obj_emsk_11/gnu_arcem4/emsk/dw_uart_obj.o
 .debug_frame   0x000018dc       0xd0 obj_emsk_11/gnu_arcem4/arc/arc_cache.o
 .debug_frame   0x000019ac      0x2c8 obj_emsk_11/gnu_arcem4/emsk/dw_uart.o
 .debug_frame   0x00001c74       0x20 c:/arc/arc_gnu/bin/../lib/gcc/arc-elf32/4.8.3/../../../../arc-elf32/lib/em/norm\libc.a(lib_a-errno.o)

.debug_info     0x00000000     0xd74c
 .debug_info    0x00000000      0x900 obj_emsk_11/gnu_arcem4/iic.o
 .debug_info    0x00000900      0x93a obj_emsk_11/gnu_arcem4/main.o
 .debug_info    0x0000123a      0x3d5 obj_emsk_11/gnu_arcem4/emsk/emsk_init.o
 .debug_info    0x0000160f      0x49d obj_emsk_11/gnu_arcem4/emsk/emsk_timer.o
 .debug_info    0x00001aac      0x1ea obj_emsk_11/gnu_arcem4/emsk/mux.o
 .debug_info    0x00001c96      0xe91 obj_emsk_11/gnu_arcem4/emsk/dw_iic_obj.o
 .debug_info    0x00002b27      0x6bb obj_emsk_11/gnu_arcem4/emsk/emsk_gpio.o
 .debug_info    0x000031e2      0xff2 obj_emsk_11/gnu_arcem4/emsk/dw_gpio_obj.o
 .debug_info    0x000041d4       0x7d obj_emsk_11/gnu_arcem4/emsk/emsk_sdcard.o
 .debug_info    0x00004251      0x691 obj_emsk_11/gnu_arcem4/middleware/common/console_io.o
 .debug_info    0x000048e2      0xa12 obj_emsk_11/gnu_arcem4/middleware/common/syscalls.o
 .debug_info    0x000052f4      0x712 obj_emsk_11/gnu_arcem4/middleware/common/xprintf.o
 .debug_info    0x00005a06      0x260 obj_emsk_11/gnu_arcem4/arc/arc_timer.o
 .debug_info    0x00005c66      0x63e obj_emsk_11/gnu_arcem4/arc/arc_exception.o
 .debug_info    0x000062a4       0x7e obj_emsk_11/gnu_arcem4/arc/arc_startup.o
 .debug_info    0x00006322       0x7e obj_emsk_11/gnu_arcem4/arc/arc_exc_asm.o
 .debug_info    0x000063a0     0x29aa obj_emsk_11/gnu_arcem4/emsk/dw_iic.o
 .debug_info    0x00008d4a     0x1246 obj_emsk_11/gnu_arcem4/emsk/dw_gpio.o
 .debug_info    0x00009f90      0xa4e obj_emsk_11/gnu_arcem4/emsk/dw_uart_obj.o
 .debug_info    0x0000a9de      0x4d3 obj_emsk_11/gnu_arcem4/arc/arc_cache.o
 .debug_info    0x0000aeb1     0x1786 obj_emsk_11/gnu_arcem4/emsk/dw_uart.o
 .debug_info    0x0000c637      0x885 c:/arc/arc_gnu/bin/../lib/gcc/arc-elf32/4.8.3/../../../../arc-elf32/lib/em/norm\libc.a(lib_a-errno.o)
 .debug_info    0x0000cebc      0x890 c:/arc/arc_gnu/bin/../lib/gcc/arc-elf32/4.8.3/../../../../arc-elf32/lib/em/norm\libc.a(lib_a-impure.o)

.debug_abbrev   0x00000000     0x3067
 .debug_abbrev  0x00000000      0x2b0 obj_emsk_11/gnu_arcem4/iic.o
 .debug_abbrev  0x000002b0      0x2ab obj_emsk_11/gnu_arcem4/main.o
 .debug_abbrev  0x0000055b      0x1d3 obj_emsk_11/gnu_arcem4/emsk/emsk_init.o
 .debug_abbrev  0x0000072e      0x27c obj_emsk_11/gnu_arcem4/emsk/emsk_timer.o
 .debug_abbrev  0x000009aa       0xd7 obj_emsk_11/gnu_arcem4/emsk/mux.o
 .debug_abbrev  0x00000a81      0x29a obj_emsk_11/gnu_arcem4/emsk/dw_iic_obj.o
 .debug_abbrev  0x00000d1b      0x231 obj_emsk_11/gnu_arcem4/emsk/emsk_gpio.o
 .debug_abbrev  0x00000f4c      0x2de obj_emsk_11/gnu_arcem4/emsk/dw_gpio_obj.o
 .debug_abbrev  0x0000122a       0x42 obj_emsk_11/gnu_arcem4/emsk/emsk_sdcard.o
 .debug_abbrev  0x0000126c      0x223 obj_emsk_11/gnu_arcem4/middleware/common/console_io.o
 .debug_abbrev  0x0000148f      0x31b obj_emsk_11/gnu_arcem4/middleware/common/syscalls.o
 .debug_abbrev  0x000017aa      0x24c obj_emsk_11/gnu_arcem4/middleware/common/xprintf.o
 .debug_abbrev  0x000019f6      0x120 obj_emsk_11/gnu_arcem4/arc/arc_timer.o
 .debug_abbrev  0x00001b16      0x2d2 obj_emsk_11/gnu_arcem4/arc/arc_exception.o
 .debug_abbrev  0x00001de8       0x14 obj_emsk_11/gnu_arcem4/arc/arc_startup.o
 .debug_abbrev  0x00001dfc       0x14 obj_emsk_11/gnu_arcem4/arc/arc_exc_asm.o
 .debug_abbrev  0x00001e10      0x3b3 obj_emsk_11/gnu_arcem4/emsk/dw_iic.o
 .debug_abbrev  0x000021c3      0x368 obj_emsk_11/gnu_arcem4/emsk/dw_gpio.o
 .debug_abbrev  0x0000252b      0x271 obj_emsk_11/gnu_arcem4/emsk/dw_uart_obj.o
 .debug_abbrev  0x0000279c      0x1c3 obj_emsk_11/gnu_arcem4/arc/arc_cache.o
 .debug_abbrev  0x0000295f      0x3fd obj_emsk_11/gnu_arcem4/emsk/dw_uart.o
 .debug_abbrev  0x00002d5c      0x18d c:/arc/arc_gnu/bin/../lib/gcc/arc-elf32/4.8.3/../../../../arc-elf32/lib/em/norm\libc.a(lib_a-errno.o)
 .debug_abbrev  0x00002ee9      0x17e c:/arc/arc_gnu/bin/../lib/gcc/arc-elf32/4.8.3/../../../../arc-elf32/lib/em/norm\libc.a(lib_a-impure.o)

.debug_loc      0x00000000     0x8252
 .debug_loc     0x00000000      0x17c obj_emsk_11/gnu_arcem4/iic.o
 .debug_loc     0x0000017c      0x19f obj_emsk_11/gnu_arcem4/main.o
 .debug_loc     0x0000031b       0x52 obj_emsk_11/gnu_arcem4/emsk/emsk_init.o
 .debug_loc     0x0000036d       0xac obj_emsk_11/gnu_arcem4/emsk/emsk_timer.o
 .debug_loc     0x00000419       0xa5 obj_emsk_11/gnu_arcem4/emsk/mux.o
 .debug_loc     0x000004be      0x44f obj_emsk_11/gnu_arcem4/emsk/dw_iic_obj.o
 .debug_loc     0x0000090d      0x16d obj_emsk_11/gnu_arcem4/emsk/emsk_gpio.o
 .debug_loc     0x00000a7a      0x5d9 obj_emsk_11/gnu_arcem4/emsk/dw_gpio_obj.o
 .debug_loc     0x00001053      0x10f obj_emsk_11/gnu_arcem4/middleware/common/console_io.o
 .debug_loc     0x00001162      0x4ef obj_emsk_11/gnu_arcem4/middleware/common/syscalls.o
 .debug_loc     0x00001651      0xca8 obj_emsk_11/gnu_arcem4/middleware/common/xprintf.o
 .debug_loc     0x000022f9      0x447 obj_emsk_11/gnu_arcem4/arc/arc_timer.o
 .debug_loc     0x00002740      0x334 obj_emsk_11/gnu_arcem4/arc/arc_exception.o
 .debug_loc     0x00002a74     0x2ad6 obj_emsk_11/gnu_arcem4/emsk/dw_iic.o
 .debug_loc     0x0000554a     0x1192 obj_emsk_11/gnu_arcem4/emsk/dw_gpio.o
 .debug_loc     0x000066dc      0x386 obj_emsk_11/gnu_arcem4/emsk/dw_uart_obj.o
 .debug_loc     0x00006a62      0x381 obj_emsk_11/gnu_arcem4/arc/arc_cache.o
 .debug_loc     0x00006de3     0x146f obj_emsk_11/gnu_arcem4/emsk/dw_uart.o

.debug_aranges  0x00000000      0x2e0
 .debug_aranges
                0x00000000       0x20 obj_emsk_11/gnu_arcem4/iic.o
 .debug_aranges
                0x00000020       0x28 obj_emsk_11/gnu_arcem4/main.o
 .debug_aranges
                0x00000048       0x20 obj_emsk_11/gnu_arcem4/emsk/emsk_init.o
 .debug_aranges
                0x00000068       0x20 obj_emsk_11/gnu_arcem4/emsk/emsk_timer.o
 .debug_aranges
                0x00000088       0x20 obj_emsk_11/gnu_arcem4/emsk/mux.o
 .debug_aranges
                0x000000a8       0x20 obj_emsk_11/gnu_arcem4/emsk/dw_iic_obj.o
 .debug_aranges
                0x000000c8       0x20 obj_emsk_11/gnu_arcem4/emsk/emsk_gpio.o
 .debug_aranges
                0x000000e8       0x20 obj_emsk_11/gnu_arcem4/emsk/dw_gpio_obj.o
 .debug_aranges
                0x00000108       0x20 obj_emsk_11/gnu_arcem4/emsk/emsk_sdcard.o
 .debug_aranges
                0x00000128       0x20 obj_emsk_11/gnu_arcem4/middleware/common/console_io.o
 .debug_aranges
                0x00000148       0x20 obj_emsk_11/gnu_arcem4/middleware/common/syscalls.o
 .debug_aranges
                0x00000168       0x20 obj_emsk_11/gnu_arcem4/middleware/common/xprintf.o
 .debug_aranges
                0x00000188       0x20 obj_emsk_11/gnu_arcem4/arc/arc_timer.o
 .debug_aranges
                0x000001a8       0x20 obj_emsk_11/gnu_arcem4/arc/arc_exception.o
 .debug_aranges
                0x000001c8       0x20 obj_emsk_11/gnu_arcem4/arc/arc_startup.o
 .debug_aranges
                0x000001e8       0x20 obj_emsk_11/gnu_arcem4/arc/arc_exc_asm.o
 .debug_aranges
                0x00000208       0x20 obj_emsk_11/gnu_arcem4/emsk/dw_iic.o
 .debug_aranges
                0x00000228       0x20 obj_emsk_11/gnu_arcem4/emsk/dw_gpio.o
 .debug_aranges
                0x00000248       0x20 obj_emsk_11/gnu_arcem4/emsk/dw_uart_obj.o
 .debug_aranges
                0x00000268       0x20 obj_emsk_11/gnu_arcem4/arc/arc_cache.o
 .debug_aranges
                0x00000288       0x20 obj_emsk_11/gnu_arcem4/emsk/dw_uart.o
 .debug_aranges
                0x000002a8       0x20 c:/arc/arc_gnu/bin/../lib/gcc/arc-elf32/4.8.3/../../../../arc-elf32/lib/em/norm\libc.a(lib_a-errno.o)
 .debug_aranges
                0x000002c8       0x18 c:/arc/arc_gnu/bin/../lib/gcc/arc-elf32/4.8.3/../../../../arc-elf32/lib/em/norm\libc.a(lib_a-impure.o)

.debug_line     0x00000000     0x307e
 .debug_line    0x00000000      0x199 obj_emsk_11/gnu_arcem4/iic.o
 .debug_line    0x00000199      0x1f6 obj_emsk_11/gnu_arcem4/main.o
 .debug_line    0x0000038f      0x215 obj_emsk_11/gnu_arcem4/emsk/emsk_init.o
 .debug_line    0x000005a4      0x1b5 obj_emsk_11/gnu_arcem4/emsk/emsk_timer.o
 .debug_line    0x00000759       0x86 obj_emsk_11/gnu_arcem4/emsk/mux.o
 .debug_line    0x000007df      0x256 obj_emsk_11/gnu_arcem4/emsk/dw_iic_obj.o
 .debug_line    0x00000a35      0x187 obj_emsk_11/gnu_arcem4/emsk/emsk_gpio.o
 .debug_line    0x00000bbc      0x26f obj_emsk_11/gnu_arcem4/emsk/dw_gpio_obj.o
 .debug_line    0x00000e2b       0x62 obj_emsk_11/gnu_arcem4/emsk/emsk_sdcard.o
 .debug_line    0x00000e8d      0x1a3 obj_emsk_11/gnu_arcem4/middleware/common/console_io.o
 .debug_line    0x00001030      0x222 obj_emsk_11/gnu_arcem4/middleware/common/syscalls.o
 .debug_line    0x00001252      0x28f obj_emsk_11/gnu_arcem4/middleware/common/xprintf.o
 .debug_line    0x000014e1      0x156 obj_emsk_11/gnu_arcem4/arc/arc_timer.o
 .debug_line    0x00001637      0x252 obj_emsk_11/gnu_arcem4/arc/arc_exception.o
 .debug_line    0x00001889       0xac obj_emsk_11/gnu_arcem4/arc/arc_startup.o
 .debug_line    0x00001935       0xb4 obj_emsk_11/gnu_arcem4/arc/arc_exc_asm.o
 .debug_line    0x000019e9      0x7be obj_emsk_11/gnu_arcem4/emsk/dw_iic.o
 .debug_line    0x000021a7      0x384 obj_emsk_11/gnu_arcem4/emsk/dw_gpio.o
 .debug_line    0x0000252b      0x21d obj_emsk_11/gnu_arcem4/emsk/dw_uart_obj.o
 .debug_line    0x00002748      0x21e obj_emsk_11/gnu_arcem4/arc/arc_cache.o
 .debug_line    0x00002966      0x4f4 obj_emsk_11/gnu_arcem4/emsk/dw_uart.o
 .debug_line    0x00002e5a      0x11f c:/arc/arc_gnu/bin/../lib/gcc/arc-elf32/4.8.3/../../../../arc-elf32/lib/em/norm\libc.a(lib_a-errno.o)
 .debug_line    0x00002f79      0x105 c:/arc/arc_gnu/bin/../lib/gcc/arc-elf32/4.8.3/../../../../arc-elf32/lib/em/norm\libc.a(lib_a-impure.o)

.debug_str      0x00000000     0x2f88
 .debug_str     0x00000000      0x500 obj_emsk_11/gnu_arcem4/iic.o
                                0x5ec (size before relaxing)
 .debug_str     0x00000500      0x342 obj_emsk_11/gnu_arcem4/main.o
                                0x647 (size before relaxing)
 .debug_str     0x00000842       0xaa obj_emsk_11/gnu_arcem4/emsk/emsk_init.o
                                0x42b (size before relaxing)
 .debug_str     0x000008ec      0x140 obj_emsk_11/gnu_arcem4/emsk/emsk_timer.o
                                0x4c5 (size before relaxing)
 .debug_str     0x00000a2c       0xd7 obj_emsk_11/gnu_arcem4/emsk/mux.o
                                0x1ba (size before relaxing)
 .debug_str     0x00000b03      0x61f obj_emsk_11/gnu_arcem4/emsk/dw_iic_obj.o
                                0xaf1 (size before relaxing)
 .debug_str     0x00001122       0xc7 obj_emsk_11/gnu_arcem4/emsk/emsk_gpio.o
                                0x4da (size before relaxing)
 .debug_str     0x000011e9      0x3cc obj_emsk_11/gnu_arcem4/emsk/dw_gpio_obj.o
                                0x875 (size before relaxing)
 .debug_str     0x000015b5       0x31 obj_emsk_11/gnu_arcem4/emsk/emsk_sdcard.o
                                0x1a1 (size before relaxing)
 .debug_str     0x000015e6      0x137 obj_emsk_11/gnu_arcem4/middleware/common/console_io.o
                                0x55c (size before relaxing)
 .debug_str     0x0000171d      0x241 obj_emsk_11/gnu_arcem4/middleware/common/syscalls.o
                                0x627 (size before relaxing)
 .debug_str     0x0000195e       0xaa obj_emsk_11/gnu_arcem4/middleware/common/xprintf.o
                                0x203 (size before relaxing)
 .debug_str     0x00001a08       0x32 obj_emsk_11/gnu_arcem4/arc/arc_timer.o
                                0x1e5 (size before relaxing)
 .debug_str     0x00001a3a      0x1c9 obj_emsk_11/gnu_arcem4/arc/arc_exception.o
                                0x397 (size before relaxing)
 .debug_str     0x00001c03      0x615 obj_emsk_11/gnu_arcem4/emsk/dw_iic.o
                                0xeea (size before relaxing)
 .debug_str     0x00002218      0x22b obj_emsk_11/gnu_arcem4/emsk/dw_gpio.o
                                0x863 (size before relaxing)
 .debug_str     0x00002443      0x239 obj_emsk_11/gnu_arcem4/emsk/dw_uart_obj.o
                                0x70c (size before relaxing)
 .debug_str     0x0000267c      0x1b6 obj_emsk_11/gnu_arcem4/arc/arc_cache.o
                                0x386 (size before relaxing)
 .debug_str     0x00002832      0x300 obj_emsk_11/gnu_arcem4/emsk/dw_uart.o
                                0x897 (size before relaxing)
 .debug_str     0x00002b32      0x3f3 c:/arc/arc_gnu/bin/../lib/gcc/arc-elf32/4.8.3/../../../../arc-elf32/lib/em/norm\libc.a(lib_a-errno.o)
                                0x4e2 (size before relaxing)
 .debug_str     0x00002f25       0x63 c:/arc/arc_gnu/bin/../lib/gcc/arc-elf32/4.8.3/../../../../arc-elf32/lib/em/norm\libc.a(lib_a-impure.o)
                                0x4fa (size before relaxing)

.comment        0x00000000       0x72
 .comment       0x00000000       0x39 obj_emsk_11/gnu_arcem4/iic.o
                                 0x3a (size before relaxing)
 .comment       0x00000039       0x39 obj_emsk_11/gnu_arcem4/main.o
                                 0x3a (size before relaxing)
 .comment       0x00000000       0x3a obj_emsk_11/gnu_arcem4/emsk/emsk_init.o
 .comment       0x00000000       0x3a obj_emsk_11/gnu_arcem4/emsk/emsk_timer.o
 .comment       0x00000000       0x3a obj_emsk_11/gnu_arcem4/emsk/mux.o
 .comment       0x00000000       0x3a obj_emsk_11/gnu_arcem4/emsk/dw_iic_obj.o
 .comment       0x00000000       0x3a obj_emsk_11/gnu_arcem4/emsk/emsk_gpio.o
 .comment       0x00000000       0x3a obj_emsk_11/gnu_arcem4/emsk/dw_gpio_obj.o
 .comment       0x00000000       0x3a obj_emsk_11/gnu_arcem4/emsk/emsk_sdcard.o
 .comment       0x00000000       0x3a obj_emsk_11/gnu_arcem4/middleware/common/console_io.o
 .comment       0x00000000       0x3a obj_emsk_11/gnu_arcem4/middleware/common/syscalls.o
 .comment       0x00000000       0x3a obj_emsk_11/gnu_arcem4/middleware/common/xprintf.o
 .comment       0x00000000       0x3a obj_emsk_11/gnu_arcem4/arc/arc_timer.o
 .comment       0x00000000       0x3a obj_emsk_11/gnu_arcem4/arc/arc_exception.o
 .comment       0x00000000       0x3a obj_emsk_11/gnu_arcem4/emsk/dw_iic.o
 .comment       0x00000000       0x3a obj_emsk_11/gnu_arcem4/emsk/dw_gpio.o
 .comment       0x00000000       0x3a obj_emsk_11/gnu_arcem4/emsk/dw_uart_obj.o
 .comment       0x00000000       0x3a obj_emsk_11/gnu_arcem4/arc/arc_cache.o
 .comment       0x00000000       0x3a obj_emsk_11/gnu_arcem4/emsk/dw_uart.o
 .comment       0x00000000       0x3a c:/arc/arc_gnu/bin/../lib/gcc/arc-elf32/4.8.3/../../../../arc-elf32/lib/em/norm\libc.a(lib_a-errno.o)
 .comment       0x00000000       0x3a c:/arc/arc_gnu/bin/../lib/gcc/arc-elf32/4.8.3/../../../../arc-elf32/lib/em/norm\libc.a(lib_a-impure.o)

.debug_ranges   0x00000000      0x770
 .debug_ranges  0x00000000       0x18 obj_emsk_11/gnu_arcem4/main.o
 .debug_ranges  0x00000018       0x18 obj_emsk_11/gnu_arcem4/emsk/emsk_init.o
 .debug_ranges  0x00000030       0x18 obj_emsk_11/gnu_arcem4/middleware/common/console_io.o
 .debug_ranges  0x00000048       0x30 obj_emsk_11/gnu_arcem4/middleware/common/syscalls.o
 .debug_ranges  0x00000078       0x18 obj_emsk_11/gnu_arcem4/middleware/common/xprintf.o
 .debug_ranges  0x00000090      0x378 obj_emsk_11/gnu_arcem4/emsk/dw_iic.o
 .debug_ranges  0x00000408      0x160 obj_emsk_11/gnu_arcem4/emsk/dw_gpio.o
 .debug_ranges  0x00000568       0x30 obj_emsk_11/gnu_arcem4/arc/arc_cache.o
 .debug_ranges  0x00000598      0x1d8 obj_emsk_11/gnu_arcem4/emsk/dw_uart.o
